// Jest Snapshot v1, https://goo.gl/fbAQLP

exports[`orderer widget should snapshot on mobile: first mobile render 1`] = `
<div>
  <div
    class="perseus-renderer perseus-renderer-responsive"
  >
    <div
      class="paragraph"
      data-perseus-paragraph-index="0"
    >
      <div
        class="paragraph"
      >
        <strong>
          Without using a calculator, put the numbers in order  from least to greatest.
        </strong>
          
      </div>
    </div>
    <div
      class="paragraph"
      data-perseus-paragraph-index="1"
    >
      <div
        class="paragraph"
      >
        <div
          class="perseus-widget-container widget-nohighlight widget-block"
        >
          <div
            class="draggy-boxy-thing orderer height-normal layout-horizontal above-scratchpad blank-background perseus-clearfix perseus-interactive"
          >
            <div
              class="bank perseus-clearfix"
            >
              <div
                class="card-wrap perseus-interactive"
              >
                <div
                  class="card stack"
                >
                  <div
                    class="perseus-renderer perseus-renderer-responsive"
                  >
                    <div
                      class="paragraph"
                      data-perseus-paragraph-index="0"
                    >
                      <div
                        class="paragraph"
                      >
                        1
                      </div>
                    </div>
                  </div>
                </div>
              </div>
              <div
                class="card-wrap perseus-interactive"
              >
                <div
                  class="card stack"
                >
                  <div
                    class="perseus-renderer perseus-renderer-responsive"
                  >
                    <div
                      class="paragraph"
                      data-perseus-paragraph-index="0"
                    >
                      <div
                        class="paragraph"
                      >
                        3
                      </div>
                    </div>
                  </div>
                </div>
              </div>
              <div
                class="card-wrap perseus-interactive"
              >
                <div
                  class="card stack"
                >
                  <div
                    class="perseus-renderer perseus-renderer-responsive"
                  >
                    <div
                      class="paragraph"
                      data-perseus-paragraph-index="0"
                    >
                      <div
                        class="paragraph"
                      >
                        2
                      </div>
                    </div>
                  </div>
                </div>
              </div>
            </div>
            <div
              class="perseus-clearfix draggable-box"
            >
              <div
                class="card-wrap perseus-interactive"
              >
                <div
                  class="card drag-hint"
                />
              </div>
              <div />
            </div>
          </div>
        </div>
      </div>
    </div>
  </div>
</div>
`;

exports[`orderer widget should snapshot: first render 1`] = `
<div>
  <div
    class="perseus-renderer perseus-renderer-responsive"
  >
    <div
      class="paragraph"
      data-perseus-paragraph-index="0"
    >
      <div
        class="paragraph"
      >
        <strong>
          Without using a calculator, put the numbers in order  from least to greatest.
        </strong>
          
      </div>
    </div>
    <div
      class="paragraph"
      data-perseus-paragraph-index="1"
    >
      <div
        class="paragraph"
      >
        <div
          class="perseus-widget-container widget-nohighlight widget-block"
        >
          <div
            class="draggy-boxy-thing orderer height-normal layout-horizontal above-scratchpad blank-background perseus-clearfix perseus-interactive"
          >
            <div
              class="bank perseus-clearfix"
            >
              <div
                class="card-wrap perseus-interactive"
              >
                <div
                  class="card stack"
                >
                  <div
                    class="perseus-renderer perseus-renderer-responsive"
                  >
                    <div
                      class="paragraph"
                      data-perseus-paragraph-index="0"
                    >
                      <div
                        class="paragraph"
                      >
                        1
                      </div>
                    </div>
                  </div>
                </div>
              </div>
              <div
                class="card-wrap perseus-interactive"
              >
                <div
                  class="card stack"
                >
                  <div
                    class="perseus-renderer perseus-renderer-responsive"
                  >
                    <div
                      class="paragraph"
                      data-perseus-paragraph-index="0"
                    >
                      <div
                        class="paragraph"
                      >
                        3
                      </div>
                    </div>
                  </div>
                </div>
              </div>
              <div
                class="card-wrap perseus-interactive"
              >
                <div
                  class="card stack"
                >
                  <div
                    class="perseus-renderer perseus-renderer-responsive"
                  >
                    <div
                      class="paragraph"
                      data-perseus-paragraph-index="0"
                    >
                      <div
                        class="paragraph"
                      >
                        2
                      </div>
                    </div>
                  </div>
                </div>
              </div>
            </div>
            <div
              class="perseus-clearfix draggable-box"
            >
              <div
                class="card-wrap perseus-interactive"
              >
                <div
                  class="card drag-hint"
                />
              </div>
              <div />
            </div>
          </div>
        </div>
      </div>
    </div>
  </div>
</div>
`;
