// Jest Snapshot v1, https://goo.gl/fbAQLP

exports[`textWithoutAnswersQuestion should render a text question without answers 1`] = `
<div>
  <div
    class="perseus-renderer perseus-renderer-responsive"
  >
    <div
      class="paragraph"
      data-perseus-paragraph-index="0"
    >
      <div
        class="paragraph"
      >
        Carol created a chart and a bar graph to show how many of each type of vehicle were in her supermarket parking lot.
      </div>
    </div>
    <div
      class="paragraph"
      data-perseus-paragraph-index="1"
    >
      <table>
        <thead>
          <tr>
            <th
              scope="col"
              style="text-align: left;"
            >
              Vehicle Type
            </th>
            <th
              scope="col"
              style="text-align: center;"
            >
              Number in the parking lot
            </th>
          </tr>
        </thead>
        <tbody>
          <tr>
            <td
              style="text-align: left;"
            >
              Trucks
            </td>
            <td
              style="text-align: center;"
            >
              <span
                style="white-space: nowrap;"
              >
                <span />
                <span
                  class="mock-TeX"
                >
                  25
                </span>
                <span />
              </span>
            </td>
          </tr>
          <tr>
            <td
              style="text-align: left;"
            >
              Vans
            </td>
            <td
              style="text-align: center;"
            >
              <span
                style="white-space: nowrap;"
              >
                <span />
                <span
                  class="mock-TeX"
                >
                  5
                </span>
                <span />
              </span>
            </td>
          </tr>
          <tr>
            <td
              style="text-align: left;"
            >
              Cars
            </td>
            <td
              style="text-align: center;"
            >
              <span
                style="white-space: nowrap;"
              >
                <span />
                <span
                  class="mock-TeX"
                >
                  40
                </span>
                <span />
              </span>
            </td>
          </tr>
          <tr>
            <td
              style="text-align: left;"
            >
              SUVs
            </td>
            <td
              style="text-align: center;"
            >
              <span
                style="white-space: nowrap;"
              >
                <span />
                <span
                  class="mock-TeX"
                >
                  10
                </span>
                <span />
              </span>
            </td>
          </tr>
        </tbody>
      </table>
    </div>
    <div
      class="paragraph"
      data-perseus-paragraph-index="2"
    >
      <div
        class="paragraph"
      >
        <strong>
          Label each bar on the bar graph.
        </strong>
      </div>
    </div>
    <div
      class="paragraph"
      data-perseus-paragraph-index="3"
    >
      <div
        class="paragraph"
      >
        <div
          class="perseus-widget-container widget-nohighlight widget-block"
        >
          <svg
            height="16"
            role="img"
            viewBox="0 0 16 16"
            width="16"
          >
            <title>
              Rendering Error!
            </title>
            <path
              d="m8 16c-4.42 0-8-3.58-8-8s3.58-8 8-8 8 3.58 8 8-3.58 8-8 8zm0-3c0.55 0 1-0.45 1-1s-0.45-1-1-1-1 0.45-1 1 0.45 1 1 1zm0-9c-0.55 0-1 0.45-1 1v4c0 0.55.45 1 1 1s1-0.45 1-1v-4c0-0.55-0.45-1-1-1z"
              fill="#d92916"
              fill-rule="evenodd"
            />
          </svg>
        </div>
      </div>
    </div>
  </div>
</div>
`;
