// Jest Snapshot v1, https://goo.gl/fbAQLP

exports[`free-response widget should snapshot on mobile: first mobile render 1`] = `
<div>
  <div
    class="perseus-renderer perseus-renderer-responsive"
  >
    <div
      class="paragraph"
      data-perseus-paragraph-index="0"
    >
      <div
        class="paragraph"
      >
        <div
          class="perseus-widget-container widget-nohighlight widget-block"
        >
          <div
            class="default_xu2jcg-o_O-container_lci7r free-response"
          >
            <div
              class="default_xu2jcg"
            >
              <div
                class="default_xu2jcg-o_O-labelContainer_1qlbwdv"
              >
                <label
                  class="text_f1191h-o_O-BodyText_1xtvlx3-o_O-BodyTextMediumSemiWeight_w58hss-o_O-label_1r6q8ju-o_O-labelWithNoDescription_i032sc"
                  for=":r2:-labeled-field-field"
                  id=":r2:-labeled-field-label"
                >
                  <div
                    class="default_xu2jcg free-response-question"
                  >
                    <div
                      class="perseus-renderer perseus-renderer-responsive"
                    >
                      <div
                        class="paragraph"
                        data-perseus-paragraph-index="0"
                      >
                        <div
                          class="paragraph"
                        >
                          test-question
                        </div>
                      </div>
                    </div>
                  </div>
                </label>
              </div>
              <div
                class="default_xu2jcg-o_O-inlineStyles_zdxht7"
              >
                <textarea
                  aria-describedby=""
                  aria-invalid="false"
                  aria-required="false"
                  class="textarea_xrj3rm-o_O-BodyTextMediumMediumWeight_ijclyr-o_O-default_8fhii8-o_O-textarea_1x0fg6n"
                  id=":r2:-labeled-field-field"
                  placeholder="test-placeholder"
                />
              </div>
              <div
                aria-atomic="true"
                aria-live="assertive"
                class="default_xu2jcg-o_O-helperTextWithIcon_1hmzxfl"
                id=":r2:-labeled-field-error"
              />
            </div>
            <div
              class="default_xu2jcg"
            >
              <span
                class="text_f1191h-o_O-characterCountText_1iy49wk"
                role="status"
              >
                0 / 500 Characters
              </span>
            </div>
          </div>
        </div>
      </div>
    </div>
  </div>
</div>
`;

exports[`free-response widget should snapshot: first render 1`] = `
<div>
  <div
    class="perseus-renderer perseus-renderer-responsive"
  >
    <div
      class="paragraph"
      data-perseus-paragraph-index="0"
    >
      <div
        class="paragraph"
      >
        <div
          class="perseus-widget-container widget-nohighlight widget-block"
        >
          <div
            class="default_xu2jcg-o_O-container_lci7r free-response"
          >
            <div
              class="default_xu2jcg"
            >
              <div
                class="default_xu2jcg-o_O-labelContainer_1qlbwdv"
              >
                <label
                  class="text_f1191h-o_O-BodyText_1xtvlx3-o_O-BodyTextMediumSemiWeight_w58hss-o_O-label_1r6q8ju-o_O-labelWithNoDescription_i032sc"
                  for=":r0:-labeled-field-field"
                  id=":r0:-labeled-field-label"
                >
                  <div
                    class="default_xu2jcg free-response-question"
                  >
                    <div
                      class="perseus-renderer perseus-renderer-responsive"
                    >
                      <div
                        class="paragraph"
                        data-perseus-paragraph-index="0"
                      >
                        <div
                          class="paragraph"
                        >
                          test-question
                        </div>
                      </div>
                    </div>
                  </div>
                </label>
              </div>
              <div
                class="default_xu2jcg-o_O-inlineStyles_zdxht7"
              >
                <textarea
                  aria-describedby=""
                  aria-invalid="false"
                  aria-required="false"
                  class="textarea_xrj3rm-o_O-BodyTextMediumMediumWeight_ijclyr-o_O-default_8fhii8-o_O-textarea_1x0fg6n"
                  id=":r0:-labeled-field-field"
                  placeholder="test-placeholder"
                />
              </div>
              <div
                aria-atomic="true"
                aria-live="assertive"
                class="default_xu2jcg-o_O-helperTextWithIcon_1hmzxfl"
                id=":r0:-labeled-field-error"
              />
            </div>
            <div
              class="default_xu2jcg"
            >
              <span
                class="text_f1191h-o_O-characterCountText_1iy49wk"
                role="status"
              >
                0 / 500 Characters
              </span>
            </div>
          </div>
        </div>
      </div>
    </div>
  </div>
</div>
`;
