// Jest Snapshot v1, https://goo.gl/fbAQLP

exports[`rendering static renders: static render 1`] = `
<div>
  <span
    class="mock-KatexProvider"
  >
    <div
      class="perseus-renderer perseus-renderer-responsive"
    >
      <div
        class="paragraph"
        data-perseus-paragraph-index="0"
      >
        <div
          class="paragraph"
        >
          <div
            class="perseus-widget-container widget-nohighlight widget-inline-block"
          >
            <span
              class="math-output perseus-input perseus-interactive"
            >
              <div
                style="text-align: center;"
              >
                <span
                  class="mock-TeX"
                />
              </div>
            </span>
          </div>
        </div>
      </div>
    </div>
  </span>
</div>
`;
