// Jest Snapshot v1, https://goo.gl/fbAQLP

exports[`Numeric input widget styles differently on mobile: mobile render 1`] = `
<div>
  <div
    class="perseus-renderer perseus-renderer-responsive"
  >
    <div
      class="paragraph"
      data-perseus-paragraph-index="0"
    >
      <div
        class="paragraph"
      >
        <span
          style="white-space: nowrap;"
        >
          <span />
          <span
            class="mock-TeX"
          >
            5008 \\div 4 =
          </span>
          <span />
        </span>
         
        <div
          class="perseus-widget-container widget-nohighlight widget-inline-block"
        >
          <div
            aria-label="Math input box Tap with one or two fingers to open keyboard"
            class="initial_4qg14c-o_O-input_1n1c032"
            role="textbox"
          >
            <div
              class="keypad-input"
              tabindex="0"
            >
              <div
                class="mq-editable-field mq-math-mode"
                style="background-color: white; min-height: 44px; min-width: 64px; max-width: 128px; box-sizing: border-box; position: relative; border-style: solid; border-color: rgba(33,36,44,0.50); border-radius: 4px; color: rgb(33, 36, 44); border-width: 1px;"
              >
                <span
                  class="mq-textarea"
                >
                  <span />
                </span>
                <span
                  class="mq-root-block mq-empty"
                  mathquill-block-id="1"
                  style="padding: 10px 11px 8px 11px; font-size: 18pt;"
                />
              </div>
            </div>
          </div>
        </div>
         
      </div>
    </div>
  </div>
</div>
`;

exports[`numeric-input widget Should render predictably: after interaction 1`] = `
<div>
  <div
    class="perseus-renderer perseus-renderer-responsive"
  >
    <div
      class="paragraph"
      data-perseus-paragraph-index="0"
    >
      <div
        class="paragraph"
      >
        <span
          style="white-space: nowrap;"
        >
          <span />
          <span
            class="mock-TeX"
          >
            5008 \\div 4 =
          </span>
          <span />
        </span>
         
        <div
          class="perseus-widget-container widget-nohighlight widget-inline-block"
        >
          <div>
            <span>
              <div>
                <input
                  aria-label="Your answer:"
                  autocapitalize="off"
                  autocomplete="off"
                  autocorrect="off"
                  class="input_1t4b01j-o_O-LabelMedium_1rew30o-o_O-default_1r2dwp3-o_O-focused_1z0d9ul-o_O-input_19vw1dn"
                  id="input-with-examples-bnVtZXJpYy1pbnB1dCAx"
                  type="text"
                  value="1252"
                />
              </div>
              <div
                style="position: relative; height: 0px; display: none;"
              >
                <div
                  class="tooltipContainer"
                  style="position: absolute; left: 0px;"
                >
                  <div
                    style="display: block; position: relative; visibility: visible; left: 0px; top: -1px; width: 12px; height: 11px; margin-top: -1px; margin-bottom: -2px; z-index: 10;"
                  >
                    <div
                      style="display: block; height: 0px; width: 0px; position: absolute; left: 0px; top: -1px; border-right: 12px solid transparent; border-bottom: 12px solid #ccc;"
                    />
                    <div
                      style="display: block; height: 0px; width: 0px; position: absolute; left: 1px; top: 1px; border-right: 10px solid transparent; border-bottom: 10px solid white;"
                    />
                  </div>
                  <div
                    class="perseus-formats-tooltip preview-measure"
                    style="position: relative; top: 0px; left: 0px; border: 1px solid #ccc; box-shadow: 0 1px 3px #ccc; z-index: 9;"
                  >
                    <div
                      id="input-with-examples-bnVtZXJpYy1pbnB1dCAx"
                    >
                      <div
                        class="perseus-renderer perseus-renderer-responsive"
                      >
                        <div
                          class="paragraph"
                          data-perseus-paragraph-index="0"
                        >
                          <ul>
                            <li>
                              <strong>
                                Your answer should be
                              </strong>
                            </li>
                            <li>
                              an integer, like 
                              <span
                                style="white-space: nowrap;"
                              >
                                <span />
                                <span
                                  class="mock-TeX"
                                >
                                  6
                                </span>
                                <span />
                              </span>
                            </li>
                            <li>
                              a 
                              <em>
                                simplified proper
                              </em>
                               fraction, like 
                              <span
                                style="white-space: nowrap;"
                              >
                                <span />
                                <span
                                  class="mock-TeX"
                                >
                                  3/5
                                </span>
                                <span />
                              </span>
                            </li>
                            <li>
                              a 
                              <em>
                                simplified improper
                              </em>
                               fraction, like 
                              <span
                                style="white-space: nowrap;"
                              >
                                <span />
                                <span
                                  class="mock-TeX"
                                >
                                  7/4
                                </span>
                                <span />
                              </span>
                            </li>
                            <li>
                              a mixed number, like 
                              <span
                                style="white-space: nowrap;"
                              >
                                <span />
                                <span
                                  class="mock-TeX"
                                >
                                  1\\ 3/4
                                </span>
                                <span />
                              </span>
                            </li>
                            <li>
                              an 
                              <em>
                                exact
                              </em>
                               decimal, like 
                              <span
                                style="white-space: nowrap;"
                              >
                                <span />
                                <span
                                  class="mock-TeX"
                                >
                                  0.75
                                </span>
                                <span />
                              </span>
                            </li>
                            <li>
                              a multiple of pi, like 
                              <span
                                style="white-space: nowrap;"
                              >
                                <span />
                                <span
                                  class="mock-TeX"
                                >
                                  12\\ \\text{pi}
                                </span>
                                <span />
                              </span>
                               or 
                              <span
                                style="white-space: nowrap;"
                              >
                                <span />
                                <span
                                  class="mock-TeX"
                                >
                                  2/3\\ \\text{pi}
                                </span>
                                <span />
                              </span>
                            </li>
                          </ul>
                        </div>
                      </div>
                    </div>
                  </div>
                </div>
              </div>
            </span>
          </div>
        </div>
         
      </div>
    </div>
  </div>
</div>
`;

exports[`numeric-input widget Should render predictably: first render 1`] = `
<div>
  <div
    class="perseus-renderer perseus-renderer-responsive"
  >
    <div
      class="paragraph"
      data-perseus-paragraph-index="0"
    >
      <div
        class="paragraph"
      >
        <span
          style="white-space: nowrap;"
        >
          <span />
          <span
            class="mock-TeX"
          >
            5008 \\div 4 =
          </span>
          <span />
        </span>
         
        <div
          class="perseus-widget-container widget-nohighlight widget-inline-block"
        >
          <div>
            <span>
              <div>
                <input
                  aria-label="Your answer:"
                  autocapitalize="off"
                  autocomplete="off"
                  autocorrect="off"
                  class="input_1t4b01j-o_O-LabelMedium_1rew30o-o_O-default_1r2dwp3-o_O-input_19vw1dn"
                  id="input-with-examples-bnVtZXJpYy1pbnB1dCAx"
                  type="text"
                  value=""
                />
              </div>
              <div
                style="position: relative; height: 0px; display: none;"
              >
                <div
                  class="tooltipContainer"
                  style="position: absolute; left: 0px;"
                >
                  <div
                    style="display: block; position: relative; visibility: visible; left: 0px; top: -1px; width: 12px; height: 11px; margin-top: -1px; margin-bottom: -2px; z-index: 10;"
                  >
                    <div
                      style="display: block; height: 0px; width: 0px; position: absolute; left: 0px; top: -1px; border-right: 12px solid transparent; border-bottom: 12px solid #ccc;"
                    />
                    <div
                      style="display: block; height: 0px; width: 0px; position: absolute; left: 1px; top: 1px; border-right: 10px solid transparent; border-bottom: 10px solid white;"
                    />
                  </div>
                  <div
                    class="perseus-formats-tooltip preview-measure"
                    style="position: relative; top: 0px; left: 0px; border: 1px solid #ccc; box-shadow: 0 1px 3px #ccc; z-index: 9;"
                  >
                    <div
                      id="input-with-examples-bnVtZXJpYy1pbnB1dCAx"
                    >
                      <div
                        class="perseus-renderer perseus-renderer-responsive"
                      >
                        <div
                          class="paragraph"
                          data-perseus-paragraph-index="0"
                        >
                          <ul>
                            <li>
                              <strong>
                                Your answer should be
                              </strong>
                            </li>
                            <li>
                              an integer, like 
                              <span
                                style="white-space: nowrap;"
                              >
                                <span />
                                <span
                                  class="mock-TeX"
                                >
                                  6
                                </span>
                                <span />
                              </span>
                            </li>
                            <li>
                              a 
                              <em>
                                simplified proper
                              </em>
                               fraction, like 
                              <span
                                style="white-space: nowrap;"
                              >
                                <span />
                                <span
                                  class="mock-TeX"
                                >
                                  3/5
                                </span>
                                <span />
                              </span>
                            </li>
                            <li>
                              a 
                              <em>
                                simplified improper
                              </em>
                               fraction, like 
                              <span
                                style="white-space: nowrap;"
                              >
                                <span />
                                <span
                                  class="mock-TeX"
                                >
                                  7/4
                                </span>
                                <span />
                              </span>
                            </li>
                            <li>
                              a mixed number, like 
                              <span
                                style="white-space: nowrap;"
                              >
                                <span />
                                <span
                                  class="mock-TeX"
                                >
                                  1\\ 3/4
                                </span>
                                <span />
                              </span>
                            </li>
                            <li>
                              an 
                              <em>
                                exact
                              </em>
                               decimal, like 
                              <span
                                style="white-space: nowrap;"
                              >
                                <span />
                                <span
                                  class="mock-TeX"
                                >
                                  0.75
                                </span>
                                <span />
                              </span>
                            </li>
                            <li>
                              a multiple of pi, like 
                              <span
                                style="white-space: nowrap;"
                              >
                                <span />
                                <span
                                  class="mock-TeX"
                                >
                                  12\\ \\text{pi}
                                </span>
                                <span />
                              </span>
                               or 
                              <span
                                style="white-space: nowrap;"
                              >
                                <span />
                                <span
                                  class="mock-TeX"
                                >
                                  2/3\\ \\text{pi}
                                </span>
                                <span />
                              </span>
                            </li>
                          </ul>
                        </div>
                      </div>
                    </div>
                  </div>
                </div>
              </div>
            </span>
          </div>
        </div>
         
      </div>
    </div>
  </div>
</div>
`;
