// Jest Snapshot v1, https://goo.gl/fbAQLP

exports[`Unit Widget renders: initial render 1`] = `
<div>
  <div
    class="old-unit-input"
  >
    <input
      class="perseus-interactive"
      value=""
    />
    <div
      class="error"
      style="display: none;"
    >
      I don't understand that
    </div>
  </div>
</div>
`;
